apple@appurunoMacBook-Air ~ % cd /Users/apple/Desktop
apple@appurunoMacBook-Air Desktop % mkdir git_challenge
apple@appurunoMacBook-Air Desktop % cd git_challenge
apple@appurunoMacBook-Air git_challenge % git init
hint: Using 'master' as the name for the initial branch. This default branch name
hint: is subject to change. To configure the initial branch name to use in all
hint: of your new repositories, which will suppress this warning, call:
hint:
hint:   git config --global init.defaultBranch <name>
hint:
hint: Names commonly chosen instead of 'master' are 'main', 'trunk' and
hint: 'development'. The just-created branch can be renamed via this command:
hint:
hint:   git branch -m <name>
Initialized empty Git repository in /Users/apple/Desktop/git_challenge/.git/
apple@appurunoMacBook-Air git_challenge % echo "Hello,World" >> hello_world.txt
apple@appurunoMacBook-Air git_challenge % git status
On branch master

No commits yet

Untracked files:
  (use "git add <file>..." to include in what will be committed)
        hello_world.txt

nothing added to commit but untracked files present (use "git add" to track)
apple@appurunoMacBook-Air git_challenge % git add hello_world.txt
apple@appurunoMacBook-Air git_challenge % commit -m "追記"
zsh: command not found: commit
apple@appurunoMacBook-Air git_challenge % git commit -m "追記"
[master (root-commit) ac2a2be] 追記
 1 file changed, 1 insertion(+)
 create mode 100644 hello_world.txt
apple@appurunoMacBook-Air git_challenge % git log
commit ac2a2be5d925f52dd256a393ec26c8944083e5a5 (HEAD -> master)
Author: 石田丈 <jo1485190828@icloud.com>
Date:   Thu Dec 26 23:42:55 2024 +0900

    追記
apple@appurunoMacBook-Air git_challenge % git status
On branch master
nothing to commit, working tree clean
apple@appurunoMacBook-Air git_challenge % git status
On branch master
Changes not staged for commit:
  (use "git add <file>..." to update what will be committed)
  (use "git restore <file>..." to discard changes in working directory)
        modified:   hello_world.txt

no changes added to commit (use "git add" and/or "git commit -a")
apple@appurunoMacBook-Air git_challenge % git add hello_world.txt
apple@appurunoMacBook-Air git_challenge % git commit -m "日本語訳を追記"
[master 1f0b827] 日本語訳を追記
 1 file changed, 2 insertions(+), 1 deletion(-)
apple@appurunoMacBook-Air git_challenge % git log
commit 1f0b8275e90cb109e10050cc730d0ad02646dc26 (HEAD -> master)
Author: 石田丈 <jo1485190828@icloud.com>
Date:   Fri Dec 27 11:31:47 2024 +0900

    日本語訳を追記

commit ac2a2be5d925f52dd256a393ec26c8944083e5a5
Author: 石田丈 <jo1485190828@icloud.com>
Date:   Thu Dec 26 23:42:55 2024 +0900

    追記
apple@appurunoMacBook-Air git_challenge % 
