apple@appurunoMacBook-Air Desktop % mkdir git_challenge
apple@appurunoMacBook-Air Desktop % 
apple@appurunoMacBook-Air Desktop % 
apple@appurunoMacBook-Air Desktop % cd git_challenge
apple@appurunoMacBook-Air git_challenge % echo "Hello,World" > hello_world.txt
apple@appurunoMacBook-Air git_challenge % 
apple@appurunoMacBook-Air git_challenge % 
apple@appurunoMacBook-Air git_challenge % git init
hint: Using 'master' as the name for the initial branch. This default branch name
hint: is subject to change. To configure the initial branch name to use in all
hint: of your new repositories, which will suppress this warning, call:
hint:
hint:   git config --global init.defaultBranch <name>
hint:
hint: Names commonly chosen instead of 'master' are 'main', 'trunk' and
hint: 'development'. The just-created branch can be renamed via this command:
hint:
hint:   git branch -m <name>
Initialized empty Git repository in /Users/apple/Desktop/git_challenge/.git/
apple@appurunoMacBook-Air git_challenge % git add hello_world.txt
apple@appurunoMacBook-Air git_challenge % 
apple@appurunoMacBook-Air git_challenge % 
apple@appurunoMacBook-Air git_challenge % 
apple@appurunoMacBook-Air git_challenge % 
apple@appurunoMacBook-Air git_challenge % git commit -m "追記"
[master (root-commit) 03f5e7c] 追記
 1 file changed, 1 insertion(+)
 create mode 100644 hello_world.txt
apple@appurunoMacBook-Air git_challenge % 
apple@appurunoMacBook-Air git_challenge % 
apple@appurunoMacBook-Air git_challenge % 
apple@appurunoMacBook-Air git_challenge % git log
commit 03f5e7c1442316c92f7d55d955c815bb1380258c (HEAD -> master)
Author: 石田丈 <jo1485190828@icloud.com>
Date:   Thu Dec 26 17:43:30 2024 +0900

    追記
apple@appurunoMacBook-Air git_challenge % git status             
On branch master
nothing to commit, working tree clean
apple@appurunoMacBook-Air git_challenge % 
apple@appurunoMacBook-Air git_challenge % 
apple@appurunoMacBook-Air git_challenge % git add hello_world.txt
apple@appurunoMacBook-Air git_challenge % 
apple@appurunoMacBook-Air git_challenge % 
apple@appurunoMacBook-Air git_challenge % git commit -m "日本語訳を追記"
[master 0c820ca] 日本語訳を追記
 1 file changed, 1 insertion(+)
apple@appurunoMacBook-Air git_challenge % 
apple@appurunoMacBook-Air git_challenge % 
apple@appurunoMacBook-Air git_challenge % git log 
commit 0c820ca9bed0ab08cc72bded31b420c022cb8328 (HEAD -> master)
Author: 石田丈 <jo1485190828@icloud.com>
Date:   Thu Dec 26 17:59:11 2024 +0900

    日本語訳を追記

commit 03f5e7c1442316c92f7d55d955c815bb1380258c
Author: 石田丈 <jo1485190828@icloud.com>
Date:   Thu Dec 26 17:43:30 2024 +0900

    追記

