apple@appurunoMacBook-Air ~ % cd /Users/apple/Desktop
apple@appurunoMacBook-Air Desktop % mkdir git_callenge
apple@appurunoMacBook-Air Desktop % cd /Users/apple/Desktop/git_callenge
apple@appurunoMacBook-Air git_callenge % git init
hint: Using 'master' as the name for the initial branch. This default branch name
hint: is subject to change. To configure the initial branch name to use in all
hint: of your new repositories, which will suppress this warning, call:
hint:
hint:   git config --global init.defaultBranch <name>
hint:
hint: Names commonly chosen instead of 'master' are 'main', 'trunk' and
hint: 'development'. The just-created branch can be renamed via this command:
hint:
hint:   git branch -m <name>
Initialized empty Git repository in /Users/apple/Desktop/git_callenge/.git/
apple@appurunoMacBook-Air git_callenge % echo "Hello,World" >> hello_world.txt
apple@appurunoMacBook-Air git_callenge % git log --oneline
fatal: your current branch 'master' does not have any commits yet
apple@appurunoMacBook-Air git_callenge % git add hello_world.txt
apple@appurunoMacBook-Air git_callenge % git commit -m "hello_world.txtを追加"
[master (root-commit) 9b23018] hello_world.txtを追加
 1 file changed, 1 insertion(+)
 create mode 100644 hello_world.txt
apple@appurunoMacBook-Air git_callenge % git add hello_world.txt              
apple@appurunoMacBook-Air git_callenge % git commit -m "日本語訳を追記"
[master ef4b9c8] 日本語訳を追記
 1 file changed, 1 insertion(+)
apple@appurunoMacBook-Air git_callenge % git log --oneline
ef4b9c8 (HEAD -> master) 日本語訳を追記
9b23018 hello_world.txtを追加
apple@appurunoMacBook-Air git_callenge % 
